0

1
0 1

4
-1 6
3 7
7 8
8 10

0

0

1
0 10

3
0 2
2 4
4 6